\BOOKMARK [0][-]{chapter.1}{\376\377\006\105\006\102\006\057\006\105\006\107}{}% 1
\BOOKMARK [1][-]{section.1.1}{\376\377\006\062\006\105\006\314\006\106\006\107\000\040\006\110\000\040\006\176\006\314\006\064\006\314\006\106\006\107\000\040\006\105\006\063\006\046\006\104\006\107}{chapter.1}% 2
\BOOKMARK [1][-]{section.1.2}{\376\377\006\251\006\047\006\061\006\050\006\061\006\057\006\107\006\047}{chapter.1}% 3
\BOOKMARK [2][-]{subsection.1.2.1}{\376\377\006\052\006\055\006\104\006\314\006\104\000\040\006\110\006\314\006\057\006\314\006\110\006\107\006\047\006\314\000\040\006\110\006\061\006\062\006\064\006\314}{section.1.2}% 4
\BOOKMARK [2][-]{subsection.1.2.2}{\376\377\006\106\006\070\006\047\006\061\006\052\000\040\006\110\000\040\006\047\006\105\006\106\006\314\006\052}{section.1.2}% 5
\BOOKMARK [2][-]{subsection.1.2.3}{\376\377\006\055\006\105\006\104\040\014\006\110\006\106\006\102\006\104\000\040\006\107\006\110\006\064\006\105\006\106\006\057}{section.1.2}% 6
\BOOKMARK [2][-]{subsection.1.2.4}{\376\377\006\061\006\050\006\047\006\052\006\314\006\251\000\040\006\110\000\040\006\052\006\071\006\047\006\105\006\104\000\040\006\047\006\106\006\063\006\047\006\106\000-\006\105\006\047\006\064\006\314\006\106}{section.1.2}% 7
\BOOKMARK [2][-]{subsection.1.2.5}{\376\377\006\052\006\055\006\104\006\314\006\104\000\040\006\061\006\101\006\052\006\047\006\061\000\040\006\047\006\054\006\052\006\105\006\047\006\071\006\314\000\040\006\110\000\040\006\063\006\104\006\047\006\105\006\052}{section.1.2}% 8
\BOOKMARK [1][-]{section.1.3}{\376\377\006\052\006\071\006\061\006\314\006\101\000\040\006\105\006\063\006\046\006\104\006\107}{chapter.1}% 9
\BOOKMARK [1][-]{section.1.4}{\376\377\006\047\006\050\006\071\006\047\006\057\000\040\006\110\000\040\006\206\006\047\006\104\006\064\040\014\006\107\006\047}{chapter.1}% 10
\BOOKMARK [1][-]{section.1.5}{\376\377\006\047\006\107\006\105\006\314\006\052\000\040\006\105\006\063\006\046\006\104\006\107}{chapter.1}% 11
\BOOKMARK [1][-]{section.1.6}{\376\377\006\063\006\107\006\105\000\040\006\047\006\314\006\106\000\040\006\176\006\230\006\110\006\107\006\064}{chapter.1}% 12
\BOOKMARK [1][-]{section.1.7}{\376\377\006\063\006\047\006\056\006\052\006\047\006\061\000\040\006\110\000\040\006\106\006\102\006\064\006\107\000\040\006\061\006\047\006\107}{chapter.1}% 13
\BOOKMARK [0][-]{chapter.2}{\376\377\006\105\006\061\006\110\006\061\006\314\000\040\006\050\006\061\000\040\006\061\006\110\006\064\040\014\006\107\006\047\006\314\000\040\006\176\006\314\006\064\006\314\006\106}{}% 14
\BOOKMARK [1][-]{section.2.1}{\376\377\006\105\006\102\006\057\006\105\006\107}{chapter.2}% 15
\BOOKMARK [1][-]{section.2.2}{\376\377\006\052\006\251\006\047\006\105\006\104\000\040\006\052\006\064\006\056\006\314\006\065\000\040\006\101\006\071\006\047\006\104\006\314\006\052}{chapter.2}% 16
\BOOKMARK [1][-]{section.2.3}{\376\377\006\061\006\110\006\064\040\014\006\107\006\047\006\314\000\040\006\063\006\106\006\052\006\314\000\040\000\050\006\176\006\314\006\064\000\040\006\047\006\062\000\040\006\314\006\047\006\057\006\257\006\314\006\061\006\314\000\040\006\071\006\105\006\314\006\102\000\051}{chapter.2}% 17
\BOOKMARK [1][-]{section.2.4}{\376\377\006\314\006\047\006\057\006\257\006\314\006\061\006\314\000\040\006\071\006\105\006\314\006\102\000\040\006\050\006\061\006\047\006\314\000\040\006\052\006\064\006\056\006\314\006\065\000\040\006\101\006\071\006\047\006\104\006\314\006\052\000\040\006\257\006\061\006\110\006\107\006\314}{chapter.2}% 18
\BOOKMARK [2][-]{subsection.2.4.1}{\376\377\006\105\006\057\006\104\040\014\006\107\006\047\006\314\000\040\000C\000N\000N\000-\000R\000N\000N\000\040\006\110\000\040\006\105\006\057\006\104\040\014\006\107\006\047\006\314\000\040\006\062\006\105\006\047\006\106\006\314\000\040\006\063\006\104\006\063\006\104\006\107\040\014\006\105\006\061\006\047\006\052\006\050\006\314}{section.2.4}% 19
\BOOKMARK [2][-]{subsection.2.4.2}{\376\377\006\105\006\057\006\104\040\014\006\107\006\047\006\314\000\040\006\052\006\071\006\047\006\105\006\104\006\314\000\040\006\110\000\040\006\105\006\050\006\052\006\106\006\314\000\040\006\050\006\061\000\040\006\061\006\110\006\047\006\050\006\067}{section.2.4}% 20
\BOOKMARK [2][-]{subsection.2.4.3}{\376\377\006\105\006\057\006\104\040\014\006\107\006\047\006\314\000\040\006\105\006\050\006\052\006\106\006\314\000\040\006\050\006\061\000\040\006\052\006\061\006\106\006\063\006\101\006\110\006\061\006\105\006\061}{section.2.4}% 21
\BOOKMARK [2][-]{subsection.2.4.4}{\376\377\006\061\006\110\006\064\040\014\006\107\006\047\006\314\000\040\006\105\006\050\006\052\006\106\006\314\000\040\006\050\006\061\000\040\006\230\006\063\006\052}{section.2.4}% 22
\BOOKMARK [1][-]{section.2.5}{\376\377\006\251\006\047\006\061\006\050\006\061\006\057\006\107\006\047\000\040\006\057\006\061\000\040\006\052\006\055\006\104\006\314\006\104\000\040\006\110\006\314\006\057\006\314\006\110\006\107\006\047\006\314\000\040\006\110\006\061\006\062\006\064\006\314}{chapter.2}% 23
\BOOKMARK [1][-]{section.2.6}{\376\377\006\105\006\054\006\105\006\110\006\071\006\107\040\014\006\057\006\047\006\057\006\107\040\014\006\107\006\047\000\040\006\110\000\040\006\050\006\106\006\206\006\105\006\047\006\061\006\251\040\014\006\107\006\047}{chapter.2}% 24
\BOOKMARK [1][-]{section.2.7}{\376\377\006\206\006\047\006\104\006\064\040\014\006\107\006\047\000\040\006\110\000\040\006\064\006\251\006\047\006\101\040\014\006\107\006\047\006\314\000\040\006\176\006\230\006\110\006\107\006\064\006\314}{chapter.2}% 25
\BOOKMARK [1][-]{section.2.8}{\376\377\006\206\006\064\006\105\040\014\006\047\006\106\006\057\006\047\006\062\006\107\006\047\006\314\000\040\006\042\006\314\006\106\006\057\006\107}{chapter.2}% 26
\BOOKMARK [1][-]{section.2.9}{\376\377\006\054\006\105\006\071\040\014\006\050\006\106\006\057\006\314}{chapter.2}% 27
\BOOKMARK [0][-]{chapter.3}{\376\377\006\061\006\110\006\064\040\014\006\064\006\106\006\047\006\063\006\314}{}% 28
\BOOKMARK [1][-]{section.3.1}{\376\377\006\052\006\110\006\065\006\314\006\101\000\040\006\105\006\054\006\105\006\110\006\071\006\107\040\014\006\057\006\047\006\057\006\107\000\040\006\110\000\040\006\206\006\047\006\104\006\064\040\014\006\107\006\047\006\314\000\040\006\105\006\061\006\052\006\050\006\067}{chapter.3}% 29
\BOOKMARK [1][-]{section.3.2}{\376\377\006\105\006\057\006\104\040\014\006\107\006\047\006\314\000\040\006\105\006\110\006\061\006\057\000\040\006\050\006\061\006\061\006\063\006\314}{chapter.3}% 30
\BOOKMARK [2][-]{subsection.3.2.1}{\376\377\006\106\006\110\006\071\000\040\006\314\006\251\000:\000\040\006\105\006\057\006\104\040\014\006\107\006\047\006\314\000\040\006\052\006\061\006\251\006\314\006\050\006\314\000\040\006\251\006\047\006\106\006\110\006\104\006\110\006\064\006\106\006\314\040\023\006\052\006\110\006\047\006\104\006\314\040\014\006\105\006\055\006\110\006\061}{section.3.2}% 31
\BOOKMARK [3][-]{section*.14}{\376\377\006\105\006\057\006\104\000\040\0001\000:\000\040\006\061\006\105\006\062\006\257\006\060\006\047\006\061\000\040\006\251\006\047\006\106\006\110\006\104\006\110\006\064\006\106\006\314\000\040\000+\000\040\006\064\006\050\006\251\006\107\000\040\006\071\006\065\006\050\006\314\000\040\006\050\006\047\006\062\006\257\006\064\006\052\006\314}{subsection.3.2.1}% 32
\BOOKMARK [3][-]{section*.15}{\376\377\006\105\006\057\006\104\000\040\0002\000:\000\040\006\061\006\105\006\062\006\257\006\060\006\047\006\061\000\040\006\251\006\047\006\106\006\110\006\104\006\110\006\064\006\106\006\314\000\040\000+\000\040\006\064\006\050\006\251\006\107\000\040\000L\000S\000T\000M}{subsection.3.2.1}% 33
\BOOKMARK [3][-]{section*.16}{\376\377\006\105\006\057\006\104\000\040\0003\000:\000\040\006\061\006\105\006\062\006\257\006\060\006\047\006\061\000\040\006\251\006\047\006\106\006\110\006\104\006\110\006\064\006\106\006\314\000\040\000+\000\040\006\064\006\050\006\251\006\107\000\040\000L\000S\000T\000M\000\040\006\057\006\110\006\067\006\061\006\101\006\107}{subsection.3.2.1}% 34
\BOOKMARK [2][-]{subsection.3.2.2}{\376\377\006\106\006\110\006\071\000\040\006\057\006\110\000:\000\040\006\105\006\057\006\104\000\040\006\105\006\050\006\052\006\106\006\314\000\040\006\050\006\061\000\040\006\052\006\061\006\106\006\063\006\101\006\110\006\061\006\105\006\061\000\040\006\101\006\066\006\047\006\314\006\314\000-\006\062\006\105\006\047\006\106\006\314}{section.3.2}% 35
\BOOKMARK [3][-]{section*.18}{\376\377\006\105\006\061\006\047\006\055\006\104\000\040\006\042\006\105\006\047\006\057\006\107\040\014\006\063\006\047\006\062\006\314\000\040\006\057\006\047\006\057\006\107\040\014\006\107\006\047}{subsection.3.2.2}% 36
\BOOKMARK [3][-]{section*.19}{\376\377\006\105\006\071\006\105\006\047\006\061\006\314\000\040\006\105\006\057\006\104}{subsection.3.2.2}% 37
\BOOKMARK [3][-]{section*.20}{\376\377\006\061\006\047\006\107\006\050\006\061\006\057\000\040\006\042\006\105\006\110\006\062\006\064\000\040\006\105\006\057\006\104}{subsection.3.2.2}% 38
\BOOKMARK [3][-]{section*.21}{\376\377\006\101\006\061\006\042\006\314\006\106\006\057\000\040\006\251\006\104\006\314\000\040\006\047\006\054\006\061\006\047\006\314\000\040\006\105\006\057\006\104}{subsection.3.2.2}% 39
\BOOKMARK [3][-]{section*.23}{\376\377\006\105\006\062\006\047\006\314\006\047\000\040\006\110\000\040\006\105\006\055\006\057\006\110\006\057\006\314\006\052\040\014\006\107\006\047\006\314\000\040\006\105\006\057\006\104}{subsection.3.2.2}% 40
\BOOKMARK [1][-]{section.3.3}{\376\377\006\065\006\110\006\061\006\052\040\014\006\050\006\106\006\057\006\314\000\040\006\105\006\063\006\046\006\104\006\107}{chapter.3}% 41
\BOOKMARK [0][-]{chapter.4}{\376\377\006\047\006\061\006\062\006\314\006\047\006\050\006\314\000\040\006\110\000\040\006\052\006\055\006\104\006\314\006\104\000\040\006\106\006\052\006\047\006\314\006\054}{}% 42
\BOOKMARK [1][-]{section.4.1}{\376\377\006\052\006\055\006\104\006\314\006\104\000\040\006\042\006\105\006\047\006\061\006\314\000\040\006\105\006\054\006\105\006\110\006\071\006\107\040\014\006\057\006\047\006\057\006\107\040\014}{chapter.4}% 43
\BOOKMARK [1][-]{section.4.2}{\376\377\006\105\006\071\006\314\006\047\006\061\006\107\006\047\006\314\000\040\006\047\006\061\006\062\006\314\006\047\006\050\006\314}{chapter.4}% 44
\BOOKMARK [2][-]{subsection.4.2.1}{\376\377\006\057\006\102\006\052\000\040\006\251\006\104\006\314}{section.4.2}% 45
\BOOKMARK [2][-]{subsection.4.2.2}{\376\377\006\057\006\102\006\052\000\040\006\050\006\107\040\014\006\047\006\062\006\047\006\314\000\040\006\107\006\061\000\040\006\251\006\104\006\047\006\063}{section.4.2}% 46
\BOOKMARK [2][-]{subsection.4.2.3}{\376\377\006\065\006\055\006\052}{section.4.2}% 47
\BOOKMARK [2][-]{subsection.4.2.4}{\376\377\006\050\006\047\006\062\006\056\006\110\006\047\006\106\006\314}{section.4.2}% 48
\BOOKMARK [2][-]{subsection.4.2.5}{\376\377\006\105\006\314\006\047\006\106\006\257\006\314\006\106\000\040\000F\0001\000\040\006\105\006\047\006\251\006\061\006\110}{section.4.2}% 49
\BOOKMARK [2][-]{subsection.4.2.6}{\376\377\006\105\006\314\006\047\006\106\006\257\006\314\006\106\000\040\000F\0001\000\040\006\110\006\062\006\106\006\314}{section.4.2}% 50
\BOOKMARK [1][-]{section.4.3}{\376\377\006\105\006\102\006\047\006\314\006\063\006\107\000\040\006\071\006\105\006\104\006\251\006\061\006\057\000\040\006\105\006\057\006\104\040\014\006\107\006\047}{chapter.4}% 51
\BOOKMARK [2][-]{subsection.4.3.1}{\376\377\006\105\006\057\006\104\000\040\0001\000:\000\040\006\061\006\105\006\062\006\257\006\060\006\047\006\061\000\040\006\251\006\047\006\106\006\110\006\104\006\110\006\064\006\106\006\314\000\040\000+\000\040\006\064\006\050\006\251\006\107\000\040\006\071\006\065\006\050\006\314\000\040\006\050\006\047\006\062\006\257\006\064\006\052\006\314}{section.4.3}% 52
\BOOKMARK [2][-]{subsection.4.3.2}{\376\377\006\105\006\057\006\104\000\040\0002\000:\000\040\006\061\006\105\006\062\006\257\006\060\006\047\006\061\000\040\006\251\006\047\006\106\006\110\006\104\006\110\006\064\006\106\006\314\000\040\000+\000\040\000L\000S\000T\000M}{section.4.3}% 53
\BOOKMARK [2][-]{subsection.4.3.3}{\376\377\006\105\006\057\006\104\000\040\0003\000:\000\040\006\061\006\105\006\062\006\257\006\060\006\047\006\061\000\040\006\251\006\047\006\106\006\110\006\104\006\110\006\064\006\106\006\314\000\040\000+\000\040\000B\000i\000-\000L\000S\000T\000M}{section.4.3}% 54
\BOOKMARK [2][-]{subsection.4.3.4}{\376\377\006\105\006\057\006\104\000\040\0004\000:\000\040\006\105\006\057\006\104\000\040\006\105\006\050\006\052\006\106\006\314\000\040\006\050\006\061\000\040\006\052\006\061\006\106\006\063\006\101\006\110\006\061\006\105\006\061\000\040\006\101\006\066\006\047\006\314\006\314\000-\006\062\006\105\006\047\006\106\006\314}{section.4.3}% 55
\BOOKMARK [0][-]{chapter.5}{\376\377\006\106\006\052\006\314\006\054\006\107\040\014\006\257\006\314\006\061\006\314\000\040\006\110\000\040\006\206\006\064\006\105\040\014\006\047\006\106\006\057\006\047\006\062\000\040\006\042\006\314\006\106\006\057\006\107}{}% 56
\BOOKMARK [1][-]{section.5.1}{\376\377\006\106\006\052\006\314\006\054\006\107\040\014\006\257\006\314\006\061\006\314}{chapter.5}% 57
\BOOKMARK [1][-]{section.5.2}{\376\377\006\251\006\047\006\061\006\107\006\047\006\314\000\040\006\042\006\314\006\106\006\057\006\107}{chapter.5}% 58
\BOOKMARK [0][-]{chapter*.39}{\376\377\006\110\006\047\006\230\006\107\040\014\006\106\006\047\006\105\006\107\000\040\006\101\006\047\006\061\006\063\006\314\000\040\006\050\006\107\000\040\006\047\006\106\006\257\006\104\006\314\006\063\006\314}{}% 59
\BOOKMARK [0][-]{chapter*.40}{\376\377\006\110\006\047\006\230\006\107\040\014\006\106\006\047\006\105\006\107\000\040\006\047\006\106\006\257\006\104\006\314\006\063\006\314\000\040\006\050\006\107\000\040\006\101\006\047\006\061\006\063\006\314}{}% 60
\BOOKMARK [0][-]{section*.41}{\376\377\006\105\006\061\006\047\006\054\006\071}{}% 61
